// Code generated by options-gen. DO NOT EDIT.
package testcase

type OptOptionsSetter func(o *Options)

func NewOptions(
	options ...OptOptionsSetter,
) Options {
	o := Options{}

	for _, opt := range options {
		opt(&o)
	}
	return o
}

func (o *Options) Validate() error {
	return nil
}
